=== RUN   TestParallelMapOrdered
=== PAUSE TestParallelMapOrdered
=== RUN   TestParallelMapValidation
=== PAUSE TestParallelMapValidation
=== RUN   TestParallelMapCancelsAndWaits
=== PAUSE TestParallelMapCancelsAndWaits
=== RUN   TestParallelMapPanicBecomesError
=== PAUSE TestParallelMapPanicBecomesError
=== RUN   TestParallelMapParentCancellation
=== PAUSE TestParallelMapParentCancellation
=== RUN   TestParallelMapDoesNotLeakObviousGoroutines
--- PASS: TestParallelMapDoesNotLeakObviousGoroutines (0.05s)
=== CONT  TestParallelMapOrdered
=== CONT  TestParallelMapPanicBecomesError
=== CONT  TestParallelMapParentCancellation
=== CONT  TestParallelMapValidation
=== CONT  TestParallelMapCancelsAndWaits
--- PASS: TestParallelMapPanicBecomesError (0.00s)
--- PASS: TestParallelMapValidation (0.00s)
--- PASS: TestParallelMapParentCancellation (0.00s)
--- PASS: TestParallelMapCancelsAndWaits (0.00s)
--- PASS: TestParallelMapOrdered (0.01s)
=== RUN   TestParallelMapOrdered
=== PAUSE TestParallelMapOrdered
=== RUN   TestParallelMapValidation
=== PAUSE TestParallelMapValidation
=== RUN   TestParallelMapCancelsAndWaits
=== PAUSE TestParallelMapCancelsAndWaits
=== RUN   TestParallelMapPanicBecomesError
=== PAUSE TestParallelMapPanicBecomesError
=== RUN   TestParallelMapParentCancellation
=== PAUSE TestParallelMapParentCancellation
=== RUN   TestParallelMapDoesNotLeakObviousGoroutines
--- PASS: TestParallelMapDoesNotLeakObviousGoroutines (0.05s)
=== CONT  TestParallelMapValidation
=== CONT  TestParallelMapCancelsAndWaits
=== CONT  TestParallelMapPanicBecomesError
=== CONT  TestParallelMapOrdered
=== CONT  TestParallelMapParentCancellation
--- PASS: TestParallelMapValidation (0.00s)
--- PASS: TestParallelMapPanicBecomesError (0.00s)
--- PASS: TestParallelMapParentCancellation (0.00s)
--- PASS: TestParallelMapCancelsAndWaits (0.00s)
--- PASS: TestParallelMapOrdered (0.01s)
=== RUN   TestParallelMapOrdered
=== PAUSE TestParallelMapOrdered
=== RUN   TestParallelMapValidation
=== PAUSE TestParallelMapValidation
=== RUN   TestParallelMapCancelsAndWaits
=== PAUSE TestParallelMapCancelsAndWaits
=== RUN   TestParallelMapPanicBecomesError
=== PAUSE TestParallelMapPanicBecomesError
=== RUN   TestParallelMapParentCancellation
=== PAUSE TestParallelMapParentCancellation
=== RUN   TestParallelMapDoesNotLeakObviousGoroutines
--- PASS: TestParallelMapDoesNotLeakObviousGoroutines (0.05s)
=== CONT  TestParallelMapPanicBecomesError
=== CONT  TestParallelMapCancelsAndWaits
=== CONT  TestParallelMapParentCancellation
--- PASS: TestParallelMapPanicBecomesError (0.00s)
=== CONT  TestParallelMapValidation
--- PASS: TestParallelMapParentCancellation (0.00s)
--- PASS: TestParallelMapValidation (0.00s)
=== CONT  TestParallelMapOrdered
--- PASS: TestParallelMapCancelsAndWaits (0.00s)
--- PASS: TestParallelMapOrdered (0.01s)
=== RUN   TestParallelMapOrdered
=== PAUSE TestParallelMapOrdered
=== RUN   TestParallelMapValidation
=== PAUSE TestParallelMapValidation
=== RUN   TestParallelMapCancelsAndWaits
=== PAUSE TestParallelMapCancelsAndWaits
=== RUN   TestParallelMapPanicBecomesError
=== PAUSE TestParallelMapPanicBecomesError
=== RUN   TestParallelMapParentCancellation
=== PAUSE TestParallelMapParentCancellation
=== RUN   TestParallelMapDoesNotLeakObviousGoroutines
--- PASS: TestParallelMapDoesNotLeakObviousGoroutines (0.05s)
=== CONT  TestParallelMapOrdered
=== CONT  TestParallelMapParentCancellation
=== CONT  TestParallelMapValidation
=== CONT  TestParallelMapCancelsAndWaits
--- PASS: TestParallelMapValidation (0.00s)
=== CONT  TestParallelMapPanicBecomesError
--- PASS: TestParallelMapParentCancellation (0.00s)
--- PASS: TestParallelMapPanicBecomesError (0.00s)
--- PASS: TestParallelMapCancelsAndWaits (0.00s)
--- PASS: TestParallelMapOrdered (0.01s)
=== RUN   TestParallelMapOrdered
=== PAUSE TestParallelMapOrdered
=== RUN   TestParallelMapValidation
=== PAUSE TestParallelMapValidation
=== RUN   TestParallelMapCancelsAndWaits
=== PAUSE TestParallelMapCancelsAndWaits
=== RUN   TestParallelMapPanicBecomesError
=== PAUSE TestParallelMapPanicBecomesError
=== RUN   TestParallelMapParentCancellation
=== PAUSE TestParallelMapParentCancellation
=== RUN   TestParallelMapDoesNotLeakObviousGoroutines
--- PASS: TestParallelMapDoesNotLeakObviousGoroutines (0.05s)
=== CONT  TestParallelMapValidation
=== CONT  TestParallelMapCancelsAndWaits
=== CONT  TestParallelMapPanicBecomesError
=== CONT  TestParallelMapOrdered
=== CONT  TestParallelMapParentCancellation
--- PASS: TestParallelMapValidation (0.00s)
--- PASS: TestParallelMapPanicBecomesError (0.00s)
--- PASS: TestParallelMapCancelsAndWaits (0.00s)
--- PASS: TestParallelMapParentCancellation (0.00s)
--- PASS: TestParallelMapOrdered (0.01s)
=== RUN   TestParallelMapOrdered
=== PAUSE TestParallelMapOrdered
=== RUN   TestParallelMapValidation
=== PAUSE TestParallelMapValidation
=== RUN   TestParallelMapCancelsAndWaits
=== PAUSE TestParallelMapCancelsAndWaits
=== RUN   TestParallelMapPanicBecomesError
=== PAUSE TestParallelMapPanicBecomesError
=== RUN   TestParallelMapParentCancellation
=== PAUSE TestParallelMapParentCancellation
=== RUN   TestParallelMapDoesNotLeakObviousGoroutines
--- PASS: TestParallelMapDoesNotLeakObviousGoroutines (0.05s)
=== CONT  TestParallelMapValidation
=== CONT  TestParallelMapCancelsAndWaits
--- PASS: TestParallelMapValidation (0.00s)
=== CONT  TestParallelMapParentCancellation
=== CONT  TestParallelMapOrdered
=== CONT  TestParallelMapPanicBecomesError
--- PASS: TestParallelMapCancelsAndWaits (0.00s)
--- PASS: TestParallelMapPanicBecomesError (0.00s)
--- PASS: TestParallelMapParentCancellation (0.00s)
--- PASS: TestParallelMapOrdered (0.01s)
=== RUN   TestParallelMapOrdered
=== PAUSE TestParallelMapOrdered
=== RUN   TestParallelMapValidation
=== PAUSE TestParallelMapValidation
=== RUN   TestParallelMapCancelsAndWaits
=== PAUSE TestParallelMapCancelsAndWaits
=== RUN   TestParallelMapPanicBecomesError
=== PAUSE TestParallelMapPanicBecomesError
=== RUN   TestParallelMapParentCancellation
=== PAUSE TestParallelMapParentCancellation
=== RUN   TestParallelMapDoesNotLeakObviousGoroutines
--- PASS: TestParallelMapDoesNotLeakObviousGoroutines (0.05s)
=== CONT  TestParallelMapOrdered
=== CONT  TestParallelMapPanicBecomesError
=== CONT  TestParallelMapParentCancellation
=== CONT  TestParallelMapValidation
=== CONT  TestParallelMapCancelsAndWaits
--- PASS: TestParallelMapValidation (0.00s)
--- PASS: TestParallelMapParentCancellation (0.00s)
--- PASS: TestParallelMapPanicBecomesError (0.00s)
--- PASS: TestParallelMapCancelsAndWaits (0.00s)
--- PASS: TestParallelMapOrdered (0.01s)
=== RUN   TestParallelMapOrdered
=== PAUSE TestParallelMapOrdered
=== RUN   TestParallelMapValidation
=== PAUSE TestParallelMapValidation
=== RUN   TestParallelMapCancelsAndWaits
=== PAUSE TestParallelMapCancelsAndWaits
=== RUN   TestParallelMapPanicBecomesError
=== PAUSE TestParallelMapPanicBecomesError
=== RUN   TestParallelMapParentCancellation
=== PAUSE TestParallelMapParentCancellation
=== RUN   TestParallelMapDoesNotLeakObviousGoroutines
--- PASS: TestParallelMapDoesNotLeakObviousGoroutines (0.05s)
=== CONT  TestParallelMapOrdered
=== CONT  TestParallelMapCancelsAndWaits
=== CONT  TestParallelMapValidation
=== CONT  TestParallelMapPanicBecomesError
--- PASS: TestParallelMapValidation (0.00s)
=== CONT  TestParallelMapParentCancellation
--- PASS: TestParallelMapCancelsAndWaits (0.00s)
--- PASS: TestParallelMapPanicBecomesError (0.00s)
--- PASS: TestParallelMapParentCancellation (0.00s)
--- PASS: TestParallelMapOrdered (0.01s)
=== RUN   TestParallelMapOrdered
=== PAUSE TestParallelMapOrdered
=== RUN   TestParallelMapValidation
=== PAUSE TestParallelMapValidation
=== RUN   TestParallelMapCancelsAndWaits
=== PAUSE TestParallelMapCancelsAndWaits
=== RUN   TestParallelMapPanicBecomesError
=== PAUSE TestParallelMapPanicBecomesError
=== RUN   TestParallelMapParentCancellation
=== PAUSE TestParallelMapParentCancellation
=== RUN   TestParallelMapDoesNotLeakObviousGoroutines
--- PASS: TestParallelMapDoesNotLeakObviousGoroutines (0.05s)
=== CONT  TestParallelMapValidation
=== CONT  TestParallelMapPanicBecomesError
=== CONT  TestParallelMapParentCancellation
=== CONT  TestParallelMapOrdered
=== CONT  TestParallelMapCancelsAndWaits
--- PASS: TestParallelMapValidation (0.00s)
--- PASS: TestParallelMapParentCancellation (0.00s)
--- PASS: TestParallelMapPanicBecomesError (0.00s)
--- PASS: TestParallelMapCancelsAndWaits (0.00s)
--- PASS: TestParallelMapOrdered (0.01s)
=== RUN   TestParallelMapOrdered
=== PAUSE TestParallelMapOrdered
=== RUN   TestParallelMapValidation
=== PAUSE TestParallelMapValidation
=== RUN   TestParallelMapCancelsAndWaits
=== PAUSE TestParallelMapCancelsAndWaits
=== RUN   TestParallelMapPanicBecomesError
=== PAUSE TestParallelMapPanicBecomesError
=== RUN   TestParallelMapParentCancellation
=== PAUSE TestParallelMapParentCancellation
=== RUN   TestParallelMapDoesNotLeakObviousGoroutines
--- PASS: TestParallelMapDoesNotLeakObviousGoroutines (0.05s)
=== CONT  TestParallelMapCancelsAndWaits
=== CONT  TestParallelMapPanicBecomesError
=== CONT  TestParallelMapValidation
--- PASS: TestParallelMapPanicBecomesError (0.00s)
=== CONT  TestParallelMapParentCancellation
=== CONT  TestParallelMapOrdered
--- PASS: TestParallelMapCancelsAndWaits (0.00s)
--- PASS: TestParallelMapValidation (0.00s)
--- PASS: TestParallelMapParentCancellation (0.00s)
--- PASS: TestParallelMapOrdered (0.01s)
=== RUN   TestParallelMapOrdered
=== PAUSE TestParallelMapOrdered
=== RUN   TestParallelMapValidation
=== PAUSE TestParallelMapValidation
=== RUN   TestParallelMapCancelsAndWaits
=== PAUSE TestParallelMapCancelsAndWaits
=== RUN   TestParallelMapPanicBecomesError
=== PAUSE TestParallelMapPanicBecomesError
=== RUN   TestParallelMapParentCancellation
=== PAUSE TestParallelMapParentCancellation
=== RUN   TestParallelMapDoesNotLeakObviousGoroutines
--- PASS: TestParallelMapDoesNotLeakObviousGoroutines (0.05s)
=== CONT  TestParallelMapCancelsAndWaits
=== CONT  TestParallelMapParentCancellation
=== CONT  TestParallelMapPanicBecomesError
=== CONT  TestParallelMapValidation
=== CONT  TestParallelMapOrdered
--- PASS: TestParallelMapCancelsAndWaits (0.00s)
--- PASS: TestParallelMapParentCancellation (0.00s)
--- PASS: TestParallelMapPanicBecomesError (0.00s)
--- PASS: TestParallelMapValidation (0.00s)
--- PASS: TestParallelMapOrdered (0.01s)
=== RUN   TestParallelMapOrdered
=== PAUSE TestParallelMapOrdered
=== RUN   TestParallelMapValidation
=== PAUSE TestParallelMapValidation
=== RUN   TestParallelMapCancelsAndWaits
=== PAUSE TestParallelMapCancelsAndWaits
=== RUN   TestParallelMapPanicBecomesError
=== PAUSE TestParallelMapPanicBecomesError
=== RUN   TestParallelMapParentCancellation
=== PAUSE TestParallelMapParentCancellation
=== RUN   TestParallelMapDoesNotLeakObviousGoroutines
--- PASS: TestParallelMapDoesNotLeakObviousGoroutines (0.05s)
=== CONT  TestParallelMapParentCancellation
=== CONT  TestParallelMapPanicBecomesError
=== CONT  TestParallelMapCancelsAndWaits
=== CONT  TestParallelMapValidation
=== CONT  TestParallelMapOrdered
--- PASS: TestParallelMapParentCancellation (0.00s)
--- PASS: TestParallelMapPanicBecomesError (0.00s)
--- PASS: TestParallelMapCancelsAndWaits (0.00s)
--- PASS: TestParallelMapValidation (0.00s)
--- PASS: TestParallelMapOrdered (0.01s)
=== RUN   TestParallelMapOrdered
=== PAUSE TestParallelMapOrdered
=== RUN   TestParallelMapValidation
=== PAUSE TestParallelMapValidation
=== RUN   TestParallelMapCancelsAndWaits
=== PAUSE TestParallelMapCancelsAndWaits
=== RUN   TestParallelMapPanicBecomesError
=== PAUSE TestParallelMapPanicBecomesError
=== RUN   TestParallelMapParentCancellation
=== PAUSE TestParallelMapParentCancellation
=== RUN   TestParallelMapDoesNotLeakObviousGoroutines
--- PASS: TestParallelMapDoesNotLeakObviousGoroutines (0.05s)
=== CONT  TestParallelMapValidation
=== CONT  TestParallelMapOrdered
=== CONT  TestParallelMapCancelsAndWaits
=== CONT  TestParallelMapParentCancellation
=== CONT  TestParallelMapPanicBecomesError
--- PASS: TestParallelMapValidation (0.00s)
--- PASS: TestParallelMapParentCancellation (0.00s)
--- PASS: TestParallelMapCancelsAndWaits (0.00s)
--- PASS: TestParallelMapPanicBecomesError (0.00s)
--- PASS: TestParallelMapOrdered (0.01s)
=== RUN   TestParallelMapOrdered
=== PAUSE TestParallelMapOrdered
=== RUN   TestParallelMapValidation
=== PAUSE TestParallelMapValidation
=== RUN   TestParallelMapCancelsAndWaits
=== PAUSE TestParallelMapCancelsAndWaits
=== RUN   TestParallelMapPanicBecomesError
=== PAUSE TestParallelMapPanicBecomesError
=== RUN   TestParallelMapParentCancellation
=== PAUSE TestParallelMapParentCancellation
=== RUN   TestParallelMapDoesNotLeakObviousGoroutines
--- PASS: TestParallelMapDoesNotLeakObviousGoroutines (0.05s)
=== CONT  TestParallelMapParentCancellation
=== CONT  TestParallelMapCancelsAndWaits
=== CONT  TestParallelMapValidation
=== CONT  TestParallelMapOrdered
=== CONT  TestParallelMapPanicBecomesError
--- PASS: TestParallelMapParentCancellation (0.00s)
--- PASS: TestParallelMapValidation (0.00s)
--- PASS: TestParallelMapCancelsAndWaits (0.00s)
--- PASS: TestParallelMapPanicBecomesError (0.00s)
--- PASS: TestParallelMapOrdered (0.01s)
=== RUN   TestParallelMapOrdered
=== PAUSE TestParallelMapOrdered
=== RUN   TestParallelMapValidation
=== PAUSE TestParallelMapValidation
=== RUN   TestParallelMapCancelsAndWaits
=== PAUSE TestParallelMapCancelsAndWaits
=== RUN   TestParallelMapPanicBecomesError
=== PAUSE TestParallelMapPanicBecomesError
=== RUN   TestParallelMapParentCancellation
=== PAUSE TestParallelMapParentCancellation
=== RUN   TestParallelMapDoesNotLeakObviousGoroutines
--- PASS: TestParallelMapDoesNotLeakObviousGoroutines (0.05s)
=== CONT  TestParallelMapOrdered
=== CONT  TestParallelMapParentCancellation
=== CONT  TestParallelMapCancelsAndWaits
=== CONT  TestParallelMapPanicBecomesError
--- PASS: TestParallelMapParentCancellation (0.00s)
=== CONT  TestParallelMapValidation
--- PASS: TestParallelMapPanicBecomesError (0.00s)
--- PASS: TestParallelMapValidation (0.00s)
--- PASS: TestParallelMapCancelsAndWaits (0.00s)
--- PASS: TestParallelMapOrdered (0.01s)
=== RUN   TestParallelMapOrdered
=== PAUSE TestParallelMapOrdered
=== RUN   TestParallelMapValidation
=== PAUSE TestParallelMapValidation
=== RUN   TestParallelMapCancelsAndWaits
=== PAUSE TestParallelMapCancelsAndWaits
=== RUN   TestParallelMapPanicBecomesError
=== PAUSE TestParallelMapPanicBecomesError
=== RUN   TestParallelMapParentCancellation
=== PAUSE TestParallelMapParentCancellation
=== RUN   TestParallelMapDoesNotLeakObviousGoroutines
--- PASS: TestParallelMapDoesNotLeakObviousGoroutines (0.05s)
=== CONT  TestParallelMapParentCancellation
=== CONT  TestParallelMapCancelsAndWaits
=== CONT  TestParallelMapOrdered
=== CONT  TestParallelMapValidation
=== CONT  TestParallelMapPanicBecomesError
--- PASS: TestParallelMapParentCancellation (0.00s)
--- PASS: TestParallelMapCancelsAndWaits (0.00s)
--- PASS: TestParallelMapPanicBecomesError (0.00s)
--- PASS: TestParallelMapValidation (0.00s)
--- PASS: TestParallelMapOrdered (0.01s)
=== RUN   TestParallelMapOrdered
=== PAUSE TestParallelMapOrdered
=== RUN   TestParallelMapValidation
=== PAUSE TestParallelMapValidation
=== RUN   TestParallelMapCancelsAndWaits
=== PAUSE TestParallelMapCancelsAndWaits
=== RUN   TestParallelMapPanicBecomesError
=== PAUSE TestParallelMapPanicBecomesError
=== RUN   TestParallelMapParentCancellation
=== PAUSE TestParallelMapParentCancellation
=== RUN   TestParallelMapDoesNotLeakObviousGoroutines
--- PASS: TestParallelMapDoesNotLeakObviousGoroutines (0.05s)
=== CONT  TestParallelMapOrdered
=== CONT  TestParallelMapParentCancellation
=== CONT  TestParallelMapValidation
=== CONT  TestParallelMapCancelsAndWaits
--- PASS: TestParallelMapValidation (0.00s)
=== CONT  TestParallelMapPanicBecomesError
--- PASS: TestParallelMapPanicBecomesError (0.00s)
--- PASS: TestParallelMapParentCancellation (0.00s)
--- PASS: TestParallelMapCancelsAndWaits (0.00s)
--- PASS: TestParallelMapOrdered (0.01s)
=== RUN   TestParallelMapOrdered
=== PAUSE TestParallelMapOrdered
=== RUN   TestParallelMapValidation
=== PAUSE TestParallelMapValidation
=== RUN   TestParallelMapCancelsAndWaits
=== PAUSE TestParallelMapCancelsAndWaits
=== RUN   TestParallelMapPanicBecomesError
=== PAUSE TestParallelMapPanicBecomesError
=== RUN   TestParallelMapParentCancellation
=== PAUSE TestParallelMapParentCancellation
=== RUN   TestParallelMapDoesNotLeakObviousGoroutines
--- PASS: TestParallelMapDoesNotLeakObviousGoroutines (0.05s)
=== CONT  TestParallelMapOrdered
=== CONT  TestParallelMapPanicBecomesError
=== CONT  TestParallelMapParentCancellation
=== CONT  TestParallelMapCancelsAndWaits
=== CONT  TestParallelMapValidation
--- PASS: TestParallelMapPanicBecomesError (0.00s)
--- PASS: TestParallelMapParentCancellation (0.00s)
--- PASS: TestParallelMapValidation (0.00s)
--- PASS: TestParallelMapCancelsAndWaits (0.00s)
--- PASS: TestParallelMapOrdered (0.01s)
=== RUN   TestParallelMapOrdered
=== PAUSE TestParallelMapOrdered
=== RUN   TestParallelMapValidation
=== PAUSE TestParallelMapValidation
=== RUN   TestParallelMapCancelsAndWaits
=== PAUSE TestParallelMapCancelsAndWaits
=== RUN   TestParallelMapPanicBecomesError
=== PAUSE TestParallelMapPanicBecomesError
=== RUN   TestParallelMapParentCancellation
=== PAUSE TestParallelMapParentCancellation
=== RUN   TestParallelMapDoesNotLeakObviousGoroutines
--- PASS: TestParallelMapDoesNotLeakObviousGoroutines (0.05s)
=== CONT  TestParallelMapPanicBecomesError
=== CONT  TestParallelMapValidation
=== CONT  TestParallelMapCancelsAndWaits
=== CONT  TestParallelMapOrdered
=== CONT  TestParallelMapParentCancellation
--- PASS: TestParallelMapValidation (0.00s)
--- PASS: TestParallelMapPanicBecomesError (0.00s)
--- PASS: TestParallelMapCancelsAndWaits (0.00s)
--- PASS: TestParallelMapParentCancellation (0.00s)
--- PASS: TestParallelMapOrdered (0.01s)
=== RUN   TestParallelMapOrdered
=== PAUSE TestParallelMapOrdered
=== RUN   TestParallelMapValidation
=== PAUSE TestParallelMapValidation
=== RUN   TestParallelMapCancelsAndWaits
=== PAUSE TestParallelMapCancelsAndWaits
=== RUN   TestParallelMapPanicBecomesError
=== PAUSE TestParallelMapPanicBecomesError
=== RUN   TestParallelMapParentCancellation
=== PAUSE TestParallelMapParentCancellation
=== RUN   TestParallelMapDoesNotLeakObviousGoroutines
--- PASS: TestParallelMapDoesNotLeakObviousGoroutines (0.05s)
=== CONT  TestParallelMapValidation
=== CONT  TestParallelMapCancelsAndWaits
=== CONT  TestParallelMapOrdered
=== CONT  TestParallelMapPanicBecomesError
=== CONT  TestParallelMapParentCancellation
--- PASS: TestParallelMapValidation (0.00s)
--- PASS: TestParallelMapPanicBecomesError (0.00s)
--- PASS: TestParallelMapCancelsAndWaits (0.00s)
--- PASS: TestParallelMapParentCancellation (0.00s)
--- PASS: TestParallelMapOrdered (0.01s)
PASS
ok  	pmap	2.540s
